
========== exp06 transformer  895 (no 10C, drop 0)  resume=True  ->  /home/norak/R&I/kxs-/results_no10c_no0_v06_transformer ==========
  rows=895 train=626 val=134 test=135
  [raw_ra_dual_mbert                  ] SKIP (already done)
  [raw_ra_dual_xlmr                   ] SKIP (already done)
  [raw_ra_dual_gte                    ] SKIP (already done)
  [raw_ra_cross_mbert                 ] SKIP (already done)
  [raw_ra_cross_xlmr                  ] SKIP (already done)
  [raw_ra_cross_gte                   ] SKIP (already done)
  [raw_qar_dual_mbert                 ] SKIP (already done)
  [raw_qar_dual_xlmr                  ] SKIP (already done)
  [raw_qar_dual_gte                   ] SKIP (already done)
  [raw_qar_cross_mbert                ] SKIP (already done)
  [raw_qar_cross_xlmr                 ] SKIP (already done)
  [raw_qar_cross_gte                  ] SKIP (already done)
  [clean_ra_dual_mbert                ] SKIP (already done)
  [clean_ra_dual_xlmr                 ] SKIP (already done)
  [clean_ra_dual_gte                  ] SKIP (already done)
  [clean_ra_cross_mbert               ] SKIP (already done)
  [clean_ra_cross_xlmr                ] SKIP (already done)
  [clean_ra_cross_gte                 ] SKIP (already done)
  [clean_qar_dual_mbert               ] SKIP (already done)
  [clean_qar_dual_xlmr                ] SKIP (already done)
  [clean_qar_dual_gte                 ] SKIP (already done)
  [clean_qar_cross_mbert              ] SKIP (already done)
  [clean_qar_cross_xlmr               ] SKIP (already done)
  [clean_qar_cross_gte                ] SKIP (already done)
  [segment_ra_dual_mbert              ] SKIP (already done)
  [segment_ra_dual_xlmr               ] SKIP (already done)
  [segment_ra_dual_gte                ] SKIP (already done)
  [segment_ra_cross_mbert             ] SKIP (already done)
  [segment_ra_cross_xlmr              ] SKIP (already done)
  [segment_ra_cross_gte               ] SKIP (already done)
  [segment_qar_dual_mbert             ] SKIP (already done)
  [segment_qar_dual_xlmr              ] SKIP (already done)
  [segment_qar_dual_gte               ] SKIP (already done)
  [segment_qar_cross_mbert            ] SKIP (already done)
  [segment_qar_cross_xlmr             ] SKIP (already done)
  [segment_qar_cross_gte              ] SKIP (already done)

[*] exp06 done

========== exp03b max-feat neural  895 (no 10C, drop 0)  resume=True  ->  /home/norak/R&I/kxs-/results_no10c_no0_v03b_maxfeat_neural ==========
  rows=895 train=626 val=134 test=135
  [raw_ra_bilstm_maxfeat              ] SKIP (already done)
  [raw_qar_bilstm_maxfeat             ] SKIP (already done)
  [clean_ra_bilstm_maxfeat            ] SKIP (already done)
  [clean_qar_bilstm_maxfeat           ] SKIP (already done)
  [segment_ra_bilstm_maxfeat          ] SKIP (already done)
  [segment_qar_bilstm_maxfeat         ] SKIP (already done)
  [raw_ra_dual_mbert_maxfeat               ] SKIP (already done)
  [raw_ra_dual_xlmr_maxfeat                ] SKIP (already done)
  [raw_ra_dual_gte_maxfeat                 ] SKIP (already done)
  [raw_ra_cross_mbert_maxfeat              ] SKIP (already done)
  [raw_ra_cross_xlmr_maxfeat               ] SKIP (already done)
  [raw_ra_cross_gte_maxfeat                ] SKIP (already done)
  [raw_qar_dual_mbert_maxfeat              ] SKIP (already done)
  [raw_qar_dual_xlmr_maxfeat               ] SKIP (already done)
  [raw_qar_dual_gte_maxfeat                ] SKIP (already done)
  [raw_qar_cross_mbert_maxfeat             ] SKIP (already done)
  [raw_qar_cross_xlmr_maxfeat              ] SKIP (already done)
  [raw_qar_cross_gte_maxfeat               ] SKIP (already done)
  [clean_ra_dual_mbert_maxfeat             ] SKIP (already done)
  [clean_ra_dual_xlmr_maxfeat              ] SKIP (already done)
  [clean_ra_dual_gte_maxfeat               ] SKIP (already done)
  [clean_ra_cross_mbert_maxfeat            ] SKIP (already done)
  [clean_ra_cross_xlmr_maxfeat             ] SKIP (already done)
  [clean_ra_cross_gte_maxfeat              ] SKIP (already done)
  [clean_qar_dual_mbert_maxfeat            ] SKIP (already done)
  [clean_qar_dual_xlmr_maxfeat             ] SKIP (already done)
  [clean_qar_dual_gte_maxfeat              ] SKIP (already done)
  [clean_qar_cross_mbert_maxfeat           ] SKIP (already done)
  [clean_qar_cross_xlmr_maxfeat            ] SKIP (already done)
  [clean_qar_cross_gte_maxfeat             ] SKIP (already done)
  [segment_ra_dual_mbert_maxfeat           ] SKIP (already done)
  [segment_ra_dual_xlmr_maxfeat            ] SKIP (already done)
  [segment_ra_dual_gte_maxfeat             ] SKIP (already done)
  [segment_ra_cross_mbert_maxfeat          ] SKIP (already done)
  [segment_ra_cross_xlmr_maxfeat           ] SKIP (already done)
  [segment_ra_cross_gte_maxfeat            ] SKIP (already done)
  [segment_qar_dual_mbert_maxfeat          ] SKIP (already done)
  [segment_qar_dual_xlmr_maxfeat           ] SKIP (already done)
  [segment_qar_dual_gte_maxfeat            ] SKIP (already done)
  [segment_qar_cross_mbert_maxfeat         ] SKIP (already done)
  [segment_qar_cross_xlmr_maxfeat          ] SKIP (already done)
  [segment_qar_cross_gte_maxfeat           ] SKIP (already done)

[*] exp03b done

========== exp02 calibrate  source=v05_bilstm  909 (no 10C biology)  ->  /home/norak/R&I/kxs-/results_no10c_v05_bilstm_calibrated ==========
  [clean_qar_bilstm              ] cuts=[0.07, 0.375, 0.71, 0.875]  test_qwk=0.6477  acc5=0.6715
  [clean_ra_bilstm               ] cuts=[0.125, 0.44, 0.76, 0.88]  test_qwk=0.6757  acc5=0.6423
  [raw_qar_bilstm                ] cuts=[0.52, 0.54, 0.65, 0.81]  test_qwk=0.5639  acc5=0.5328
  [raw_ra_bilstm                 ] cuts=[0.04, 0.36, 0.66, 0.86]  test_qwk=0.7471  acc5=0.7518
  [segment_qar_bilstm            ] cuts=[0.125, 0.45, 0.61, 0.875]  test_qwk=0.6696  acc5=0.6350
  [segment_ra_bilstm             ] cuts=[0.125, 0.45, 0.82, 0.89]  test_qwk=0.7812  acc5=0.6934

========== exp02 calibrate  source=v05_bilstm  895 (no 10C, drop 0)  ->  /home/norak/R&I/kxs-/results_no10c_no0_v05_bilstm_calibrated ==========
  [clean_qar_bilstm              ] cuts=[0.32, 0.375, 0.6, 0.84]  test_qwk=0.7392  acc5=0.6889
  [clean_ra_bilstm               ] cuts=[0.01, 0.47, 0.78, 0.85]  test_qwk=0.7840  acc5=0.7111
  [raw_qar_bilstm                ] cuts=[0.33, 0.44, 0.78, 0.875]  test_qwk=0.7720  acc5=0.6741
  [raw_ra_bilstm                 ] cuts=[0.125, 0.48, 0.625, 0.9]  test_qwk=0.7807  acc5=0.6741
  [segment_qar_bilstm            ] cuts=[0.19, 0.49, 0.66, 0.86]  test_qwk=0.7681  acc5=0.6963
  [segment_ra_bilstm             ] cuts=[0.125, 0.38, 0.625, 0.84]  test_qwk=0.8199  acc5=0.7185

[*] exp02 done

========== exp02 calibrate  source=v06_transformer  1184 (full)  ->  /home/norak/R&I/kxs-/results_full_v06_transformer_calibrated ==========
  [clean_qar_cross_gte           ] cuts=[0.2, 0.41, 0.62, 0.81]  test_qwk=0.7351  acc5=0.6798
  [clean_qar_cross_mbert         ] cuts=[0.39, 0.59, 0.625, 0.67]  test_qwk=0.3303  acc5=0.3146
  [clean_qar_cross_xlmr          ] cuts=[0.125, 0.375, 0.66, 0.83]  test_qwk=0.6679  acc5=0.6067
  [clean_qar_dual_gte            ] cuts=[0.25, 0.43, 0.62, 0.875]  test_qwk=0.7471  acc5=0.6461
  [clean_qar_dual_mbert          ] cuts=[0.4, 0.49, 0.61, 0.68]  test_qwk=0.6043  acc5=0.5337
  [clean_qar_dual_xlmr           ] cuts=[0.24, 0.41, 0.58, 0.92]  test_qwk=0.7438  acc5=0.6011
  [clean_ra_cross_gte            ] cuts=[0.17, 0.51, 0.56, 0.89]  test_qwk=0.7097  acc5=0.5787
  [clean_ra_cross_mbert          ] cuts=[0.28, 0.5, 0.625, 0.86]  test_qwk=0.6474  acc5=0.5506
  [clean_ra_cross_xlmr           ] cuts=[0.3, 0.44, 0.625, 0.875]  test_qwk=0.7545  acc5=0.6404
  [clean_ra_dual_gte             ] cuts=[0.17, 0.375, 0.67, 0.89]  test_qwk=0.7828  acc5=0.7135
  [clean_ra_dual_mbert           ] cuts=[0.2, 0.46, 0.625, 0.8]  test_qwk=0.6419  acc5=0.5787
  [clean_ra_dual_xlmr            ] cuts=[0.25, 0.48, 0.59, 0.91]  test_qwk=0.6866  acc5=0.5506
  [raw_qar_cross_gte             ] cuts=[0.21, 0.34, 0.56, 0.875]  test_qwk=0.7051  acc5=0.6180
  [raw_qar_cross_mbert           ] cuts=[0.13, 0.45, 0.625, 0.93]  test_qwk=0.6669  acc5=0.6685
  [raw_qar_cross_xlmr            ] cuts=[0.25, 0.39, 0.56, 0.92]  test_qwk=0.7170  acc5=0.6180
  [raw_qar_dual_gte              ] cuts=[0.27, 0.375, 0.58, 0.875]  test_qwk=0.7786  acc5=0.6573
  [raw_qar_dual_mbert            ] cuts=[0.17, 0.43, 0.59, 0.83]  test_qwk=0.6428  acc5=0.5899
  [raw_qar_dual_xlmr             ] cuts=[0.15, 0.46, 0.6, 0.85]  test_qwk=0.7615  acc5=0.6461
  [raw_ra_cross_gte              ] cuts=[0.125, 0.44, 0.56, 0.86]  test_qwk=0.7557  acc5=0.6685
  [raw_ra_cross_mbert            ] cuts=[0.22, 0.5, 0.625, 0.82]  test_qwk=0.6675  acc5=0.6461
  [raw_ra_cross_xlmr             ] cuts=[0.26, 0.36, 0.62, 0.83]  test_qwk=0.7223  acc5=0.6573
  [raw_ra_dual_gte               ] cuts=[0.24, 0.375, 0.61, 0.83]  test_qwk=0.7686  acc5=0.6573
  [raw_ra_dual_mbert             ] cuts=[0.125, 0.51, 0.56, 0.82]  test_qwk=0.6242  acc5=0.5449
  [raw_ra_dual_xlmr              ] cuts=[0.2, 0.48, 0.61, 0.88]  test_qwk=0.7206  acc5=0.5955
  [segment_qar_cross_gte         ] cuts=[0.24, 0.375, 0.625, 0.82]  test_qwk=0.6872  acc5=0.6742
  [segment_qar_cross_mbert       ] cuts=[0.27, 0.42, 0.62, 0.67]  test_qwk=0.4795  acc5=0.4045
  [segment_qar_cross_xlmr        ] cuts=[0.27, 0.29, 0.63, 0.79]  test_qwk=0.6682  acc5=0.6180
  [segment_qar_dual_gte          ] cuts=[0.22, 0.33, 0.63, 0.89]  test_qwk=0.7558  acc5=0.7247
  [segment_qar_dual_mbert        ] cuts=[0.22, 0.57, 0.625, 0.7]  test_qwk=0.5802  acc5=0.4663
  [segment_qar_dual_xlmr         ] cuts=[0.27, 0.43, 0.53, 0.84]  test_qwk=0.7137  acc5=0.6067
  [segment_ra_cross_gte          ] cuts=[0.15, 0.39, 0.59, 0.94]  test_qwk=0.7756  acc5=0.6910
  [segment_ra_cross_mbert        ] cuts=[0.35, 0.6, 0.65, 0.71]  test_qwk=0.3463  acc5=0.3090
  [segment_ra_cross_xlmr         ] cuts=[0.19, 0.35, 0.62, 0.8]  test_qwk=0.7507  acc5=0.6685
  [segment_ra_dual_gte           ] cuts=[0.07, 0.42, 0.66, 0.875]  test_qwk=0.7611  acc5=0.6798
  [segment_ra_dual_mbert         ] cuts=[0.25, 0.3, 0.63, 0.72]  test_qwk=0.6122  acc5=0.5169
  [segment_ra_dual_xlmr          ] cuts=[0.2, 0.37, 0.58, 0.91]  test_qwk=0.7394  acc5=0.6292

========== exp02 calibrate  source=v06_transformer  909 (no 10C biology)  ->  /home/norak/R&I/kxs-/results_no10c_v06_transformer_calibrated ==========
  [clean_qar_cross_gte           ] cuts=[0.125, 0.375, 0.64, 0.9]  test_qwk=0.7585  acc5=0.7372
  [clean_qar_cross_mbert         ] cuts=[0.33, 0.6, 0.61, 0.68]  test_qwk=0.4084  acc5=0.4234
  [clean_qar_cross_xlmr          ] cuts=[0.2, 0.45, 0.62, 0.91]  test_qwk=0.7867  acc5=0.7737
  [clean_qar_dual_gte            ] cuts=[0.125, 0.41, 0.61, 0.89]  test_qwk=0.7992  acc5=0.7226
  [clean_qar_dual_mbert          ] cuts=[0.3, 0.36, 0.64, 0.86]  test_qwk=0.6689  acc5=0.5547
  [clean_qar_dual_xlmr           ] cuts=[0.08, 0.39, 0.61, 0.875]  test_qwk=0.7639  acc5=0.6496
  [clean_ra_cross_gte            ] cuts=[0.125, 0.36, 0.625, 0.91]  test_qwk=0.7512  acc5=0.6934
  [clean_ra_cross_mbert          ] cuts=[0.125, 0.55, 0.86, 0.87]  test_qwk=0.6370  acc5=0.6496
  [clean_ra_cross_xlmr           ] cuts=[0.125, 0.44, 0.625, 0.92]  test_qwk=0.8074  acc5=0.7153
  [clean_ra_dual_gte             ] cuts=[0.01, 0.375, 0.64, 0.86]  test_qwk=0.8182  acc5=0.7737
  [clean_ra_dual_mbert           ] cuts=[0.2, 0.39, 0.67, 0.68]  test_qwk=0.6461  acc5=0.5912
  [clean_ra_dual_xlmr            ] cuts=[0.125, 0.36, 0.625, 0.875]  test_qwk=0.7532  acc5=0.6642
  [raw_qar_cross_gte             ] cuts=[0.17, 0.41, 0.59, 0.89]  test_qwk=0.7482  acc5=0.7299
  [raw_qar_cross_mbert           ] cuts=[0.16, 0.52, 0.58, 0.86]  test_qwk=0.6568  acc5=0.5839
  [raw_qar_cross_xlmr            ] cuts=[0.125, 0.375, 0.68, 0.81]  test_qwk=0.7777  acc5=0.7518
  [raw_qar_dual_gte              ] cuts=[0.1, 0.375, 0.64, 0.93]  test_qwk=0.7831  acc5=0.6934
  [raw_qar_dual_mbert            ] cuts=[0.2, 0.45, 0.65, 0.82]  test_qwk=0.6817  acc5=0.6131
  [raw_qar_dual_xlmr             ] cuts=[0.06, 0.375, 0.625, 0.875]  test_qwk=0.7657  acc5=0.7299
  [raw_ra_cross_gte              ] cuts=[0.125, 0.375, 0.59, 0.89]  test_qwk=0.7685  acc5=0.7007
  [raw_ra_cross_mbert            ] cuts=[0.01, 0.41, 0.57, 0.89]  test_qwk=0.6282  acc5=0.6277
  [raw_ra_cross_xlmr             ] cuts=[0.125, 0.33, 0.625, 0.875]  test_qwk=0.8008  acc5=0.7664
  [raw_ra_dual_gte               ] cuts=[0.08, 0.375, 0.66, 0.875]  test_qwk=0.7873  acc5=0.7518
  [raw_ra_dual_mbert             ] cuts=[0.23, 0.375, 0.69, 0.91]  test_qwk=0.6963  acc5=0.6496
  [raw_ra_dual_xlmr              ] cuts=[0.07, 0.4, 0.63, 0.88]  test_qwk=0.7707  acc5=0.6861
  [segment_qar_cross_gte         ] cuts=[0.125, 0.36, 0.54, 0.8]  test_qwk=0.7510  acc5=0.7299
  [segment_qar_cross_mbert       ] cuts=[0.3, 0.59, 0.62, 0.92]  test_qwk=0.5186  acc5=0.3723
  [segment_qar_cross_xlmr        ] cuts=[0.125, 0.38, 0.625, 0.92]  test_qwk=0.7802  acc5=0.7153
  [segment_qar_dual_gte          ] cuts=[0.09, 0.375, 0.63, 0.91]  test_qwk=0.8149  acc5=0.7299
  [segment_qar_dual_mbert        ] cuts=[0.14, 0.375, 0.625, 0.87]  test_qwk=0.6521  acc5=0.5474
  [segment_qar_dual_xlmr         ] cuts=[0.125, 0.38, 0.64, 0.93]  test_qwk=0.7820  acc5=0.6788
  [segment_ra_cross_gte          ] cuts=[0.18, 0.42, 0.625, 0.875]  test_qwk=0.7623  acc5=0.7518
  [segment_ra_cross_mbert        ] cuts=[0.125, 0.6, 0.61, 0.84]  test_qwk=0.6712  acc5=0.5547
  [segment_ra_cross_xlmr         ] cuts=[0.125, 0.5, 0.63, 0.93]  test_qwk=0.8164  acc5=0.7226
  [segment_ra_dual_gte           ] cuts=[0.06, 0.375, 0.67, 0.875]  test_qwk=0.8360  acc5=0.7445
  [segment_ra_dual_mbert         ] cuts=[0.18, 0.26, 0.625, 0.81]  test_qwk=0.7002  acc5=0.5912
  [segment_ra_dual_xlmr          ] cuts=[0.07, 0.53, 0.58, 0.875]  test_qwk=0.7758  acc5=0.6058

========== exp02 calibrate  source=v06_transformer  895 (no 10C, drop 0)  ->  /home/norak/R&I/kxs-/results_no10c_no0_v06_transformer_calibrated ==========
  [clean_qar_cross_gte           ] FAILED: [Errno 2] No such file or directory: '/home/norak/R&I/kxs-/results_no10c_no0_v06_transformer/runs/clean_qar_cross_gte/predictions_val.csv'
  [clean_qar_cross_mbert         ] FAILED: [Errno 2] No such file or directory: '/home/norak/R&I/kxs-/results_no10c_no0_v06_transformer/runs/clean_qar_cross_mbert/predictions_val.csv'
  [clean_qar_cross_xlmr          ] FAILED: [Errno 2] No such file or directory: '/home/norak/R&I/kxs-/results_no10c_no0_v06_transformer/runs/clean_qar_cross_xlmr/predictions_val.csv'
  [clean_qar_dual_gte            ] FAILED: [Errno 2] No such file or directory: '/home/norak/R&I/kxs-/results_no10c_no0_v06_transformer/runs/clean_qar_dual_gte/predictions_val.csv'
  [clean_qar_dual_mbert          ] FAILED: [Errno 2] No such file or directory: '/home/norak/R&I/kxs-/results_no10c_no0_v06_transformer/runs/clean_qar_dual_mbert/predictions_val.csv'
  [clean_qar_dual_xlmr           ] FAILED: [Errno 2] No such file or directory: '/home/norak/R&I/kxs-/results_no10c_no0_v06_transformer/runs/clean_qar_dual_xlmr/predictions_val.csv'
  [clean_ra_cross_gte            ] cuts=[0.125, 0.39, 0.54, 0.82]  test_qwk=0.7939  acc5=0.6963
  [clean_ra_cross_mbert          ] cuts=[0.32, 0.375, 0.625, 0.83]  test_qwk=0.4477  acc5=0.4519
  [clean_ra_cross_xlmr           ] cuts=[0.01, 0.43, 0.72, 0.875]  test_qwk=0.7992  acc5=0.7185
  [clean_ra_dual_gte             ] cuts=[0.125, 0.36, 0.61, 0.875]  test_qwk=0.8361  acc5=0.7259
  [clean_ra_dual_mbert           ] cuts=[0.28, 0.53, 0.66, 0.91]  test_qwk=0.6704  acc5=0.5037
  [clean_ra_dual_xlmr            ] cuts=[0.01, 0.46, 0.67, 0.875]  test_qwk=0.7994  acc5=0.7407
  [raw_qar_cross_gte             ] cuts=[0.21, 0.32, 0.625, 0.81]  test_qwk=0.7840  acc5=0.7259
  [raw_qar_cross_mbert           ] cuts=[0.27, 0.49, 0.65, 0.8]  test_qwk=0.6382  acc5=0.5704
  [raw_qar_cross_xlmr            ] cuts=[0.125, 0.37, 0.59, 0.9]  test_qwk=0.7963  acc5=0.7556
  [raw_qar_dual_gte              ] cuts=[0.125, 0.43, 0.63, 0.91]  test_qwk=0.8244  acc5=0.7037
  [raw_qar_dual_mbert            ] cuts=[0.22, 0.39, 0.65, 0.84]  test_qwk=0.7229  acc5=0.6519
  [raw_qar_dual_xlmr             ] cuts=[0.01, 0.29, 0.72, 0.875]  test_qwk=0.8108  acc5=0.7185
  [raw_ra_cross_gte              ] cuts=[0.23, 0.39, 0.67, 0.92]  test_qwk=0.7970  acc5=0.6963
  [raw_ra_cross_mbert            ] cuts=[0.29, 0.44, 0.625, 0.95]  test_qwk=0.7306  acc5=0.6074
  [raw_ra_cross_xlmr             ] cuts=[0.125, 0.54, 0.59, 0.84]  test_qwk=0.6963  acc5=0.6296
  [raw_ra_dual_gte               ] cuts=[0.125, 0.44, 0.59, 0.86]  test_qwk=0.8009  acc5=0.7037
  [raw_ra_dual_mbert             ] cuts=[0.27, 0.375, 0.69, 0.87]  test_qwk=0.7604  acc5=0.6667
  [raw_ra_dual_xlmr              ] cuts=[0.26, 0.375, 0.59, 0.84]  test_qwk=0.7458  acc5=0.7037
  [segment_qar_cross_gte         ] cuts=[0.125, 0.34, 0.64, 0.85]  test_qwk=0.7895  acc5=0.7407
  [segment_qar_cross_mbert       ] cuts=[0.25, 0.57, 0.72, 0.875]  test_qwk=0.5807  acc5=0.5037
  [segment_qar_cross_xlmr        ] cuts=[0.125, 0.375, 0.68, 0.82]  test_qwk=0.7575  acc5=0.7259
  [segment_qar_dual_gte          ] cuts=[0.125, 0.375, 0.64, 0.83]  test_qwk=0.8257  acc5=0.7926
  [segment_qar_dual_mbert        ] cuts=[0.33, 0.34, 0.68, 0.69]  test_qwk=0.6497  acc5=0.5852
  [segment_qar_dual_xlmr         ] cuts=[0.125, 0.38, 0.59, 0.89]  test_qwk=0.7964  acc5=0.7556
  [segment_ra_cross_gte          ] cuts=[0.125, 0.47, 0.58, 0.875]  test_qwk=0.8016  acc5=0.6963
  [segment_ra_cross_mbert        ] FAILED: [Errno 2] No such file or directory: '/home/norak/R&I/kxs-/results_no10c_no0_v06_transformer/runs/segment_ra_cross_mbert/predictions_val.csv'
  [segment_ra_cross_xlmr         ] cuts=[0.125, 0.39, 0.61, 0.84]  test_qwk=0.8307  acc5=0.7556
  [segment_ra_dual_gte           ] FAILED: [Errno 2] No such file or directory: '/home/norak/R&I/kxs-/results_no10c_no0_v06_transformer/runs/segment_ra_dual_gte/predictions_val.csv'
  [segment_ra_dual_mbert         ] FAILED: [Errno 2] No such file or directory: '/home/norak/R&I/kxs-/results_no10c_no0_v06_transformer/runs/segment_ra_dual_mbert/predictions_val.csv'
  [segment_ra_dual_xlmr          ] FAILED: [Errno 2] No such file or directory: '/home/norak/R&I/kxs-/results_no10c_no0_v06_transformer/runs/segment_ra_dual_xlmr/predictions_val.csv'

[*] exp02 done

========== exp02 calibrate  source=v03b_maxfeat_neural  1184 (full)  ->  /home/norak/R&I/kxs-/results_full_v03b_maxfeat_neural_calibrated ==========
  [clean_qar_bilstm_maxfeat      ] cuts=[0.2, 0.375, 0.66, 0.84]  test_qwk=0.7426  acc5=0.6461
  [clean_qar_cross_gte_maxfeat   ] cuts=[0.125, 0.37, 0.58, 0.72]  test_qwk=0.7134  acc5=0.6573
  [clean_qar_cross_mbert_maxfeat ] cuts=[0.49, 0.58, 0.62, 0.69]  test_qwk=0.5253  acc5=0.4775
  [clean_qar_cross_xlmr_maxfeat  ] cuts=[0.29, 0.33, 0.66, 0.85]  test_qwk=0.7315  acc5=0.6180
  [clean_qar_dual_gte_maxfeat    ] cuts=[0.13, 0.38, 0.61, 0.87]  test_qwk=0.8127  acc5=0.7303
  [clean_qar_dual_mbert_maxfeat  ] cuts=[0.58, 0.64, 0.72, 0.78]  test_qwk=0.5881  acc5=0.4831
  [clean_qar_dual_xlmr_maxfeat   ] cuts=[0.29, 0.4, 0.625, 0.89]  test_qwk=0.6770  acc5=0.6517
  [clean_ra_bilstm_maxfeat       ] cuts=[0.21, 0.4, 0.65, 0.83]  test_qwk=0.7570  acc5=0.6742
  [clean_ra_cross_gte_maxfeat    ] cuts=[0.2, 0.42, 0.58, 0.81]  test_qwk=0.7740  acc5=0.6798
  [clean_ra_cross_mbert_maxfeat  ] cuts=[0.34, 0.58, 0.625, 0.875]  test_qwk=0.5785  acc5=0.4831
  [clean_ra_cross_xlmr_maxfeat   ] cuts=[0.22, 0.42, 0.625, 0.84]  test_qwk=0.7710  acc5=0.6685
  [clean_ra_dual_gte_maxfeat     ] cuts=[0.08, 0.375, 0.65, 0.68]  test_qwk=0.7697  acc5=0.6798
  [clean_ra_dual_mbert_maxfeat   ] cuts=[0.21, 0.37, 0.67, 0.73]  test_qwk=0.6580  acc5=0.5562
  [clean_ra_dual_xlmr_maxfeat    ] cuts=[0.25, 0.39, 0.68, 0.88]  test_qwk=0.7213  acc5=0.6517
  [raw_qar_bilstm_maxfeat        ] cuts=[0.24, 0.45, 0.65, 0.89]  test_qwk=0.7199  acc5=0.6180
  [raw_qar_cross_gte_maxfeat     ] cuts=[0.24, 0.375, 0.66, 0.84]  test_qwk=0.7127  acc5=0.6236
  [raw_qar_cross_mbert_maxfeat   ] cuts=[0.21, 0.4, 0.65, 0.92]  test_qwk=0.6795  acc5=0.6742
  [raw_qar_cross_xlmr_maxfeat    ] cuts=[0.33, 0.49, 0.62, 0.92]  test_qwk=0.7182  acc5=0.5955
  [raw_qar_dual_gte_maxfeat      ] cuts=[0.24, 0.36, 0.57, 0.88]  test_qwk=0.7596  acc5=0.6348
  [raw_qar_dual_mbert_maxfeat    ] cuts=[0.12, 0.37, 0.49, 0.875]  test_qwk=0.6454  acc5=0.6124
  [raw_qar_dual_xlmr_maxfeat     ] cuts=[0.125, 0.41, 0.57, 0.86]  test_qwk=0.7610  acc5=0.6517
  [raw_ra_bilstm_maxfeat         ] cuts=[0.27, 0.375, 0.66, 0.85]  test_qwk=0.7275  acc5=0.6180
  [raw_ra_cross_gte_maxfeat      ] cuts=[0.21, 0.41, 0.56, 0.85]  test_qwk=0.7302  acc5=0.6573
  [raw_ra_cross_mbert_maxfeat    ] cuts=[0.125, 0.54, 0.58, 0.84]  test_qwk=0.6084  acc5=0.6067
  [raw_ra_cross_xlmr_maxfeat     ] cuts=[0.22, 0.375, 0.63, 0.91]  test_qwk=0.7734  acc5=0.7191
  [raw_ra_dual_gte_maxfeat       ] cuts=[0.17, 0.31, 0.64, 0.875]  test_qwk=0.7933  acc5=0.7135
  [raw_ra_dual_mbert_maxfeat     ] cuts=[0.19, 0.55, 0.6, 0.87]  test_qwk=0.6564  acc5=0.5112
  [raw_ra_dual_xlmr_maxfeat      ] cuts=[0.15, 0.56, 0.625, 0.94]  test_qwk=0.7217  acc5=0.5674
  [segment_qar_bilstm_maxfeat    ] cuts=[0.32, 0.51, 0.6, 0.84]  test_qwk=0.5835  acc5=0.5562
  [segment_qar_cross_gte_maxfeat ] cuts=[0.2, 0.36, 0.625, 0.9]  test_qwk=0.7228  acc5=0.6573
  [segment_qar_cross_mbert_maxfeat] cuts=[0.49, 0.53, 0.63, 0.875]  test_qwk=0.3792  acc5=0.2753
  [segment_qar_cross_xlmr_maxfeat] cuts=[0.19, 0.41, 0.65, 0.85]  test_qwk=0.7581  acc5=0.7360
  [segment_qar_dual_gte_maxfeat  ] cuts=[0.24, 0.43, 0.66, 0.875]  test_qwk=0.7987  acc5=0.7022
  [segment_qar_dual_mbert_maxfeat] cuts=[0.31, 0.47, 0.62, 0.7]  test_qwk=0.5720  acc5=0.4719
  [segment_qar_dual_xlmr_maxfeat ] cuts=[0.19, 0.41, 0.55, 0.88]  test_qwk=0.7626  acc5=0.6461
  [segment_ra_bilstm_maxfeat     ] cuts=[0.22, 0.41, 0.625, 0.875]  test_qwk=0.7478  acc5=0.6629
  [segment_ra_cross_gte_maxfeat  ] cuts=[0.13, 0.375, 0.64, 0.88]  test_qwk=0.7837  acc5=0.7360
  [segment_ra_cross_mbert_maxfeat] cuts=[0.54, 0.6, 0.64, 0.66]  test_qwk=0.4504  acc5=0.2809
  [segment_ra_cross_xlmr_maxfeat ] cuts=[0.27, 0.375, 0.62, 0.92]  test_qwk=0.7332  acc5=0.6067
  [segment_ra_dual_gte_maxfeat   ] cuts=[0.12, 0.3, 0.56, 0.77]  test_qwk=0.7580  acc5=0.6742
  [segment_ra_dual_mbert_maxfeat ] cuts=[0.31, 0.61, 0.63, 0.87]  test_qwk=0.5358  acc5=0.4213
  [segment_ra_dual_xlmr_maxfeat  ] cuts=[0.29, 0.43, 0.6, 0.875]  test_qwk=0.7609  acc5=0.6517

========== exp02 calibrate  source=v03b_maxfeat_neural  909 (no 10C biology)  ->  /home/norak/R&I/kxs-/results_no10c_v03b_maxfeat_neural_calibrated ==========
  [clean_qar_bilstm_maxfeat      ] cuts=[0.01, 0.44, 0.73, 0.82]  test_qwk=0.7154  acc5=0.6642
  [clean_qar_cross_gte_maxfeat   ] cuts=[0.125, 0.39, 0.625, 0.86]  test_qwk=0.7539  acc5=0.7226
  [clean_qar_cross_mbert_maxfeat ] cuts=[0.53, 0.57, 0.68, 0.7]  test_qwk=0.4367  acc5=0.3358
  [clean_qar_cross_xlmr_maxfeat  ] cuts=[0.01, 0.4, 0.58, 0.88]  test_qwk=0.7360  acc5=0.6715
  [clean_qar_dual_gte_maxfeat    ] cuts=[0.125, 0.32, 0.63, 0.88]  test_qwk=0.8097  acc5=0.7737
  [clean_qar_dual_mbert_maxfeat  ] cuts=[0.3, 0.37, 0.64, 0.8]  test_qwk=0.6435  acc5=0.5255
  [clean_qar_dual_xlmr_maxfeat   ] cuts=[0.04, 0.375, 0.625, 0.875]  test_qwk=0.8092  acc5=0.7153
  [clean_ra_bilstm_maxfeat       ] cuts=[0.125, 0.4, 0.7, 0.86]  test_qwk=0.7259  acc5=0.6715
  [clean_ra_cross_gte_maxfeat    ] cuts=[0.125, 0.29, 0.53, 0.875]  test_qwk=0.7504  acc5=0.6934
  [clean_ra_cross_mbert_maxfeat  ] cuts=[0.125, 0.39, 0.65, 0.875]  test_qwk=0.6437  acc5=0.6204
  [clean_ra_cross_xlmr_maxfeat   ] cuts=[0.01, 0.38, 0.56, 0.93]  test_qwk=0.8137  acc5=0.6861
  [clean_ra_dual_gte_maxfeat     ] cuts=[0.125, 0.39, 0.64, 0.9]  test_qwk=0.8438  acc5=0.7591
  [clean_ra_dual_mbert_maxfeat   ] cuts=[0.25, 0.51, 0.69, 0.89]  test_qwk=0.6478  acc5=0.5182
  [clean_ra_dual_xlmr_maxfeat    ] cuts=[0.09, 0.375, 0.61, 0.875]  test_qwk=0.8374  acc5=0.7372
  [raw_qar_bilstm_maxfeat        ] cuts=[0.13, 0.39, 0.66, 0.81]  test_qwk=0.7635  acc5=0.7153
  [raw_qar_cross_gte_maxfeat     ] cuts=[0.125, 0.39, 0.68, 0.91]  test_qwk=0.7220  acc5=0.6934
  [raw_qar_cross_mbert_maxfeat   ] cuts=[0.125, 0.37, 0.58, 0.875]  test_qwk=0.5962  acc5=0.5839
  [raw_qar_cross_xlmr_maxfeat    ] cuts=[0.125, 0.375, 0.64, 0.93]  test_qwk=0.7608  acc5=0.6934
  [raw_qar_dual_gte_maxfeat      ] cuts=[0.125, 0.375, 0.66, 0.95]  test_qwk=0.8012  acc5=0.7080
  [raw_qar_dual_mbert_maxfeat    ] cuts=[0.13, 0.47, 0.73, 0.88]  test_qwk=0.6514  acc5=0.6131
  [raw_qar_dual_xlmr_maxfeat     ] cuts=[0.16, 0.4, 0.63, 0.875]  test_qwk=0.7725  acc5=0.7226
  [raw_ra_bilstm_maxfeat         ] cuts=[0.06, 0.45, 0.57, 0.88]  test_qwk=0.6746  acc5=0.6861
  [raw_ra_cross_gte_maxfeat      ] cuts=[0.16, 0.45, 0.64, 0.92]  test_qwk=0.7360  acc5=0.7153
  [raw_ra_cross_mbert_maxfeat    ] cuts=[0.14, 0.375, 0.625, 0.9]  test_qwk=0.6957  acc5=0.5985
  [raw_ra_cross_xlmr_maxfeat     ] cuts=[0.18, 0.43, 0.625, 0.88]  test_qwk=0.7350  acc5=0.6569
  [raw_ra_dual_gte_maxfeat       ] cuts=[0.125, 0.38, 0.66, 0.88]  test_qwk=0.8125  acc5=0.7518
  [raw_ra_dual_mbert_maxfeat     ] cuts=[0.17, 0.42, 0.82, 0.875]  test_qwk=0.6383  acc5=0.6496
  [raw_ra_dual_xlmr_maxfeat      ] cuts=[0.04, 0.375, 0.71, 0.91]  test_qwk=0.7529  acc5=0.7153
  [segment_qar_bilstm_maxfeat    ] cuts=[0.19, 0.45, 0.62, 0.81]  test_qwk=0.6231  acc5=0.6277
  [segment_qar_cross_gte_maxfeat ] cuts=[0.125, 0.42, 0.625, 0.86]  test_qwk=0.7295  acc5=0.7299
  [segment_qar_cross_mbert_maxfeat] cuts=[0.33, 0.61, 0.7, 0.72]  test_qwk=0.3980  acc5=0.2774
  [segment_qar_cross_xlmr_maxfeat] cuts=[0.125, 0.375, 0.55, 0.88]  test_qwk=0.7549  acc5=0.6642
  [segment_qar_dual_gte_maxfeat  ] cuts=[0.125, 0.375, 0.68, 0.91]  test_qwk=0.8466  acc5=0.7445
  [segment_qar_dual_mbert_maxfeat] cuts=[0.09, 0.53, 0.65, 0.8]  test_qwk=0.6435  acc5=0.5255
  [segment_qar_dual_xlmr_maxfeat ] cuts=[0.07, 0.42, 0.68, 0.9]  test_qwk=0.8182  acc5=0.7664
  [segment_ra_bilstm_maxfeat     ] cuts=[0.125, 0.43, 0.65, 0.89]  test_qwk=0.7557  acc5=0.6569
  [segment_ra_cross_gte_maxfeat  ] cuts=[0.14, 0.39, 0.58, 0.82]  test_qwk=0.7640  acc5=0.7153
  [segment_ra_cross_mbert_maxfeat] cuts=[0.125, 0.57, 0.62, 0.78]  test_qwk=0.6525  acc5=0.5255
  [segment_ra_cross_xlmr_maxfeat ] cuts=[0.14, 0.4, 0.58, 0.9]  test_qwk=0.7967  acc5=0.7372
  [segment_ra_dual_gte_maxfeat   ] cuts=[0.17, 0.38, 0.64, 0.875]  test_qwk=0.8372  acc5=0.7445
  [segment_ra_dual_mbert_maxfeat ] cuts=[0.17, 0.25, 0.63, 0.91]  test_qwk=0.6404  acc5=0.5401
  [segment_ra_dual_xlmr_maxfeat  ] cuts=[0.08, 0.38, 0.63, 0.92]  test_qwk=0.8180  acc5=0.7664

========== exp02 calibrate  source=v03b_maxfeat_neural  895 (no 10C, drop 0)  ->  /home/norak/R&I/kxs-/results_no10c_no0_v03b_maxfeat_neural_calibrated ==========
  [clean_qar_bilstm_maxfeat      ] cuts=[0.36, 0.47, 0.55, 0.875]  test_qwk=0.7156  acc5=0.6000
  [clean_qar_cross_gte_maxfeat   ] cuts=[0.01, 0.375, 0.64, 0.9]  test_qwk=0.7956  acc5=0.7259
  [clean_qar_cross_mbert_maxfeat ] cuts=[0.3, 0.51, 0.68, 0.76]  test_qwk=0.4298  acc5=0.4963
  [clean_qar_cross_xlmr_maxfeat  ] cuts=[0.24, 0.39, 0.8, 0.875]  test_qwk=0.8072  acc5=0.7778
  [clean_qar_dual_gte_maxfeat    ] cuts=[0.01, 0.4, 0.59, 0.9]  test_qwk=0.8415  acc5=0.7259
  [clean_qar_dual_mbert_maxfeat  ] cuts=[0.01, 0.53, 0.83, 0.86]  test_qwk=0.6865  acc5=0.5852
  [clean_qar_dual_xlmr_maxfeat   ] cuts=[0.01, 0.375, 0.68, 0.78]  test_qwk=0.7943  acc5=0.7481
  [clean_ra_bilstm_maxfeat       ] cuts=[0.01, 0.37, 0.64, 0.86]  test_qwk=0.7866  acc5=0.7111
  [clean_ra_cross_gte_maxfeat    ] cuts=[0.125, 0.42, 0.63, 0.9]  test_qwk=0.8090  acc5=0.7333
  [clean_ra_cross_mbert_maxfeat  ] cuts=[0.37, 0.46, 0.67, 0.875]  test_qwk=0.5611  acc5=0.5333
  [clean_ra_cross_xlmr_maxfeat   ] cuts=[0.125, 0.34, 0.71, 0.91]  test_qwk=0.8251  acc5=0.7852
  [clean_ra_dual_gte_maxfeat     ] cuts=[0.01, 0.375, 0.59, 0.92]  test_qwk=0.8451  acc5=0.7556
  [clean_ra_dual_mbert_maxfeat   ] cuts=[0.34, 0.41, 0.67, 0.74]  test_qwk=0.6824  acc5=0.6074
  [clean_ra_dual_xlmr_maxfeat    ] cuts=[0.25, 0.48, 0.71, 0.93]  test_qwk=0.8080  acc5=0.7259
  [raw_qar_bilstm_maxfeat        ] cuts=[0.33, 0.375, 0.68, 0.79]  test_qwk=0.7574  acc5=0.6667
  [raw_qar_cross_gte_maxfeat     ] cuts=[0.21, 0.375, 0.57, 0.9]  test_qwk=0.7906  acc5=0.6963
  [raw_qar_cross_mbert_maxfeat   ] cuts=[0.29, 0.47, 0.72, 0.79]  test_qwk=0.7143  acc5=0.6519
  [raw_qar_cross_xlmr_maxfeat    ] cuts=[0.01, 0.375, 0.64, 0.89]  test_qwk=0.7808  acc5=0.7630
  [raw_qar_dual_gte_maxfeat      ] cuts=[0.01, 0.375, 0.59, 0.875]  test_qwk=0.8418  acc5=0.7630
  [raw_qar_dual_mbert_maxfeat    ] cuts=[0.35, 0.375, 0.79, 0.85]  test_qwk=0.7110  acc5=0.6370
  [raw_qar_dual_xlmr_maxfeat     ] cuts=[0.01, 0.47, 0.76, 0.875]  test_qwk=0.8269  acc5=0.8148
  [raw_ra_bilstm_maxfeat         ] cuts=[0.22, 0.375, 0.67, 0.875]  test_qwk=0.8044  acc5=0.6963
  [raw_ra_cross_gte_maxfeat      ] cuts=[0.125, 0.34, 0.58, 0.94]  test_qwk=0.8249  acc5=0.7333
  [raw_ra_cross_mbert_maxfeat    ] cuts=[0.125, 0.54, 0.82, 0.89]  test_qwk=0.7223  acc5=0.6741
  [raw_ra_cross_xlmr_maxfeat     ] cuts=[0.125, 0.4, 0.61, 0.875]  test_qwk=0.8056  acc5=0.7556
  [raw_ra_dual_gte_maxfeat       ] cuts=[0.125, 0.43, 0.625, 0.94]  test_qwk=0.8446  acc5=0.7407
  [raw_ra_dual_mbert_maxfeat     ] cuts=[0.31, 0.375, 0.65, 0.87]  test_qwk=0.7787  acc5=0.6815
  [raw_ra_dual_xlmr_maxfeat      ] cuts=[0.3, 0.66, 0.67, 0.91]  test_qwk=0.7830  acc5=0.6296
  [segment_qar_bilstm_maxfeat    ] cuts=[0.36, 0.375, 0.53, 0.875]  test_qwk=0.7554  acc5=0.6519
  [segment_qar_cross_gte_maxfeat ] FAILED: [Errno 2] No such file or directory: '/home/norak/R&I/kxs-/results_no10c_no0_v03b_maxfeat_neural/runs/segment_qar_cross_gte_maxfeat/predictions_val.csv'
  [segment_qar_cross_mbert_maxfeat] FAILED: [Errno 2] No such file or directory: '/home/norak/R&I/kxs-/results_no10c_no0_v03b_maxfeat_neural/runs/segment_qar_cross_mbert_maxfeat/predictions_val.csv'
  [segment_qar_cross_xlmr_maxfeat] FAILED: [Errno 2] No such file or directory: '/home/norak/R&I/kxs-/results_no10c_no0_v03b_maxfeat_neural/runs/segment_qar_cross_xlmr_maxfeat/predictions_val.csv'
  [segment_qar_dual_gte_maxfeat  ] FAILED: [Errno 2] No such file or directory: '/home/norak/R&I/kxs-/results_no10c_no0_v03b_maxfeat_neural/runs/segment_qar_dual_gte_maxfeat/predictions_val.csv'
  [segment_qar_dual_mbert_maxfeat] FAILED: [Errno 2] No such file or directory: '/home/norak/R&I/kxs-/results_no10c_no0_v03b_maxfeat_neural/runs/segment_qar_dual_mbert_maxfeat/predictions_val.csv'
  [segment_qar_dual_xlmr_maxfeat ] FAILED: [Errno 2] No such file or directory: '/home/norak/R&I/kxs-/results_no10c_no0_v03b_maxfeat_neural/runs/segment_qar_dual_xlmr_maxfeat/predictions_val.csv'
  [segment_ra_bilstm_maxfeat     ] cuts=[0.01, 0.38, 0.68, 0.85]  test_qwk=0.7953  acc5=0.7407
  [segment_ra_cross_gte_maxfeat  ] FAILED: [Errno 2] No such file or directory: '/home/norak/R&I/kxs-/results_no10c_no0_v03b_maxfeat_neural/runs/segment_ra_cross_gte_maxfeat/predictions_val.csv'
  [segment_ra_cross_mbert_maxfeat] FAILED: [Errno 2] No such file or directory: '/home/norak/R&I/kxs-/results_no10c_no0_v03b_maxfeat_neural/runs/segment_ra_cross_mbert_maxfeat/predictions_val.csv'
  [segment_ra_cross_xlmr_maxfeat ] FAILED: [Errno 2] No such file or directory: '/home/norak/R&I/kxs-/results_no10c_no0_v03b_maxfeat_neural/runs/segment_ra_cross_xlmr_maxfeat/predictions_val.csv'
  [segment_ra_dual_gte_maxfeat   ] FAILED: [Errno 2] No such file or directory: '/home/norak/R&I/kxs-/results_no10c_no0_v03b_maxfeat_neural/runs/segment_ra_dual_gte_maxfeat/predictions_val.csv'
  [segment_ra_dual_mbert_maxfeat ] cuts=[0.28, 0.375, 0.64, 0.78]  test_qwk=0.6987  acc5=0.6296
  [segment_ra_dual_xlmr_maxfeat  ] cuts=[0.01, 0.49, 0.625, 0.94]  test_qwk=0.8411  acc5=0.7704

[*] exp02 done

========== exp07 ensemble top-3  1184 (full)  ->  /home/norak/R&I/kxs-/results_full_v07_ensemble ==========
  found 108 candidate cells across 6 experiments
  ensembling 3 cells:
    - v06_transformer           segment_ra_dual_gte                      val_qwk=0.7859  test_qwk=0.7703
    - v06_transformer           clean_ra_dual_gte                        val_qwk=0.7799  test_qwk=0.7824
    - v03b_maxfeat_neural       raw_qar_dual_gte_maxfeat                 val_qwk=0.7758  test_qwk=0.7838
  ensemble test_qwk=0.7826  acc5=0.6798  raw_w1=0.7247

========== exp07 ensemble top-3  909 (no 10C biology)  ->  /home/norak/R&I/kxs-/results_no10c_v07_ensemble ==========
  found 108 candidate cells across 6 experiments
  ensembling 3 cells:
    - v03b_maxfeat_neural       clean_qar_dual_gte_maxfeat               val_qwk=0.9115  test_qwk=0.8119
    - v03b_maxfeat_neural       raw_qar_dual_gte_maxfeat                 val_qwk=0.8995  test_qwk=0.8177
    - v06_transformer           segment_ra_dual_gte                      val_qwk=0.8967  test_qwk=0.8416
  ensemble test_qwk=0.8151  acc5=0.7518  raw_w1=0.7810

========== exp07 ensemble top-3  895 (no 10C, drop 0)  ->  /home/norak/R&I/kxs-/results_no10c_no0_v07_ensemble ==========
  found 88 candidate cells across 6 experiments
  ensembling 3 cells:
    - v06_transformer           segment_qar_dual_gte                     val_qwk=0.8501  test_qwk=0.8237
    - v06_transformer           segment_qar_dual_xlmr                    val_qwk=0.8433  test_qwk=0.7864
    - v03b_maxfeat_neural       clean_ra_cross_gte_maxfeat               val_qwk=0.8342  test_qwk=0.8314
  ensemble test_qwk=0.8227  acc5=0.7556  raw_w1=0.7926

[*] exp07 done

=== 1184 (full) ===
Total cells across all experiments: 121

Top 15 cells by test_qwk:
         experiment                     run_id  train_qwk  test_qwk  test_accuracy  test_raw_exact  test_raw_within1  test_raw_mae
v03b_maxfeat_neural clean_qar_dual_gte_maxfeat     0.8736    0.8196         0.7303          0.5730            0.7697        0.9944
v03b_maxfeat_neural  clean_ra_dual_gte_maxfeat     0.8389    0.7986         0.7135          0.4157            0.7247        1.2472
    v06_transformer           raw_qar_dual_gte     0.8501    0.7946         0.7472          0.4438            0.7472        1.1854
v03b_maxfeat_neural    raw_ra_dual_gte_maxfeat     0.8459    0.7945         0.7303          0.4213            0.7022        1.2921
v03b_maxfeat_neural  raw_qar_dual_xlmr_maxfeat     0.8113    0.7915         0.7135          0.4494            0.7247        1.2865
     v02_calibrated         clean_ra_tfidf_svr     0.8306    0.7865         0.6292          0.2640            0.7022        1.4270
v03b_maxfeat_neural   raw_qar_dual_gte_maxfeat     0.8509    0.7838         0.7135          0.5056            0.7360        1.1404
     v02_calibrated        clean_qar_tfidf_svr     0.8508    0.7834         0.6629          0.2809            0.7135        1.3596
     v02_calibrated       segment_ra_tfidf_svr     0.8498    0.7828         0.6573          0.2697            0.7191        1.4045
       v07_ensemble              ensemble_top3     0.8465    0.7826         0.6798          0.4270            0.7247        1.2360
    v06_transformer          clean_ra_dual_gte     0.8538    0.7824         0.7303          0.4663            0.7303        1.2135
     v02_calibrated           raw_ra_tfidf_svr     0.8394    0.7817         0.6348          0.2640            0.6966        1.4438
    v06_transformer            raw_ra_dual_gte     0.8389    0.7803         0.6910          0.4551            0.7191        1.2753
     v02_calibrated          raw_qar_tfidf_svr     0.8523    0.7790         0.6517          0.2640            0.7135        1.3876
       v01_baseline        clean_qar_tfidf_svr     0.8342    0.7750         0.6854          0.2809            0.7135        1.3596

Best cell per experiment (by test_qwk):
         experiment                      run_id  train_qwk  test_qwk  test_accuracy  test_raw_exact  test_raw_within1  test_raw_mae
v03b_maxfeat_neural  clean_qar_dual_gte_maxfeat     0.8736    0.8196         0.7303          0.5730            0.7697        0.9944
    v06_transformer            raw_qar_dual_gte     0.8501    0.7946         0.7472          0.4438            0.7472        1.1854
     v02_calibrated          clean_ra_tfidf_svr     0.8306    0.7865         0.6292          0.2640            0.7022        1.4270
       v07_ensemble               ensemble_top3     0.8465    0.7826         0.6798          0.4270            0.7247        1.2360
       v01_baseline         clean_qar_tfidf_svr     0.8342    0.7750         0.6854          0.2809            0.7135        1.3596
        v03_maxfeat clean_qar_tfidf_svr_maxfeat     0.8323    0.7750         0.6854          0.2640            0.7135        1.3933
         v04_bucket segment_ra_tfidf_svr_bucket     0.8350    0.7729         0.6854          0.2360            0.6854        1.4719
         v05_bilstm            clean_qar_bilstm     0.7935    0.7452         0.6573          0.4326            0.6629        1.4326

Per-experiment mean test_qwk (all cells):
                       mean     max  count
experiment                                
v03b_maxfeat_neural  0.6896  0.8196     42
v06_transformer      0.6764  0.7946     36
v02_calibrated       0.6324  0.7865     12
v07_ensemble         0.7826  0.7826      1
v01_baseline         0.6109  0.7750     12
v03_maxfeat          0.7709  0.7750      6
v04_bucket           0.7572  0.7729      6
v05_bilstm           0.6795  0.7452      6

=== 909 (no 10C biology) ===
Total cells across all experiments: 121

Top 15 cells by test_qwk:
         experiment                       run_id  train_qwk  test_qwk  test_accuracy  test_raw_exact  test_raw_within1  test_raw_mae
v03b_maxfeat_neural  segment_ra_dual_gte_maxfeat     0.9435    0.8418         0.7445          0.5182            0.7737        1.1387
    v06_transformer            clean_ra_dual_gte     0.9220    0.8418         0.7518          0.4453            0.7372        1.2701
    v06_transformer          segment_ra_dual_gte     0.9110    0.8416         0.7226          0.4672            0.7372        1.2628
     v02_calibrated          clean_qar_tfidf_svr     0.9300    0.8413         0.7883          0.1460            0.7007        1.5182
     v02_calibrated            raw_qar_tfidf_svr     0.9370    0.8389         0.7664          0.1679            0.6861        1.5109
v03b_maxfeat_neural   clean_ra_dual_xlmr_maxfeat     0.9072    0.8321         0.7372          0.4964            0.7299        1.3066
v03b_maxfeat_neural    clean_ra_dual_gte_maxfeat     0.9495    0.8312         0.7299          0.5109            0.7737        1.1314
     v02_calibrated         segment_ra_tfidf_svr     0.9065    0.8305         0.7299          0.2993            0.6861        1.4015
v03b_maxfeat_neural segment_qar_dual_gte_maxfeat     0.9439    0.8303         0.7226          0.5401            0.7664        1.1387
    v06_transformer         segment_qar_dual_gte     0.9197    0.8302         0.7518          0.4891            0.7153        1.3358
     v02_calibrated        segment_qar_tfidf_svr     0.9297    0.8267         0.7956          0.1898            0.7226        1.4453
        v03_maxfeat   clean_ra_tfidf_svr_maxfeat     0.9135    0.8210         0.6715          0.1752            0.6715        1.5255
v03b_maxfeat_neural     raw_qar_dual_gte_maxfeat     0.9529    0.8177         0.7445          0.5620            0.7810        1.2117
        v03_maxfeat     raw_ra_tfidf_svr_maxfeat     0.9129    0.8155         0.6642          0.1752            0.6934        1.5109
       v01_baseline           clean_ra_tfidf_svr     0.9134    0.8155         0.6642          0.1533            0.6715        1.5474

Best cell per experiment (by test_qwk):
         experiment                      run_id  train_qwk  test_qwk  test_accuracy  test_raw_exact  test_raw_within1  test_raw_mae
v03b_maxfeat_neural segment_ra_dual_gte_maxfeat     0.9435    0.8418         0.7445          0.5182            0.7737        1.1387
    v06_transformer           clean_ra_dual_gte     0.9220    0.8418         0.7518          0.4453            0.7372        1.2701
     v02_calibrated         clean_qar_tfidf_svr     0.9300    0.8413         0.7883          0.1460            0.7007        1.5182
        v03_maxfeat  clean_ra_tfidf_svr_maxfeat     0.9135    0.8210         0.6715          0.1752            0.6715        1.5255
       v01_baseline          clean_ra_tfidf_svr     0.9134    0.8155         0.6642          0.1533            0.6715        1.5474
       v07_ensemble               ensemble_top3     0.9498    0.8151         0.7518          0.5328            0.7810        1.1460
         v04_bucket segment_ra_tfidf_svr_bucket     0.9104    0.8114         0.6496          0.2774            0.6861        1.4161
         v05_bilstm               raw_ra_bilstm     0.9050    0.7549         0.7445          0.4672            0.7299        1.3869

Per-experiment mean test_qwk (all cells):
                       mean     max  count
experiment                                
v03b_maxfeat_neural  0.7136  0.8418     42
v06_transformer      0.7263  0.8418     36
v02_calibrated       0.6698  0.8413     12
v03_maxfeat          0.8082  0.8210      6
v01_baseline         0.6404  0.8155     12
v07_ensemble         0.8151  0.8151      1
v04_bucket           0.7910  0.8114      6
v05_bilstm           0.6684  0.7549      6

=== 895 (no 10C, drop 0) ===
Total cells across all experiments: 121

Top 15 cells by test_qwk:
         experiment                       run_id  train_qwk  test_qwk  test_accuracy  test_raw_exact  test_raw_within1  test_raw_mae
     v02_calibrated           clean_ra_tfidf_svr     0.9377    0.8635         0.7556          0.1852            0.6815        1.4519
     v02_calibrated            raw_qar_tfidf_svr     0.9390    0.8495         0.7407          0.1704            0.6741        1.4593
     v02_calibrated         segment_ra_tfidf_svr     0.9451    0.8486         0.7556          0.2000            0.7111        1.4296
     v02_calibrated             raw_ra_tfidf_svr     0.9378    0.8477         0.7407          0.1556            0.6815        1.4815
v03b_maxfeat_neural   clean_qar_dual_gte_maxfeat     0.8919    0.8471         0.7630          0.5111            0.8000        1.0667
     v02_calibrated          clean_qar_tfidf_svr     0.9392    0.8436         0.7259          0.1852            0.6889        1.4296
    v06_transformer            clean_ra_dual_gte     0.9077    0.8393         0.7333          0.4667            0.7556        1.1852
    v06_transformer          clean_ra_cross_xlmr     0.8853    0.8350         0.7556          0.5037            0.7630        1.1037
v03b_maxfeat_neural      raw_ra_dual_gte_maxfeat     0.9040    0.8338         0.7630          0.5481            0.8074        1.0222
    v06_transformer              raw_ra_dual_gte     0.9408    0.8331         0.7185          0.5630            0.7852        1.0519
     v02_calibrated        segment_qar_tfidf_svr     0.9360    0.8325         0.7333          0.1407            0.7185        1.4519
v03b_maxfeat_neural   clean_ra_cross_gte_maxfeat     0.9297    0.8314         0.7556          0.5259            0.7556        1.0667
v03b_maxfeat_neural     raw_qar_dual_gte_maxfeat     0.9232    0.8310         0.7556          0.5185            0.7630        1.1556
    v06_transformer        segment_ra_cross_xlmr     0.9240    0.8305         0.7556          0.4741            0.7333        1.2444
v03b_maxfeat_neural segment_ra_dual_xlmr_maxfeat     0.9148    0.8298         0.7630          0.5778            0.7852        1.0222

Best cell per experiment (by test_qwk):
         experiment                        run_id  train_qwk  test_qwk  test_accuracy  test_raw_exact  test_raw_within1  test_raw_mae
     v02_calibrated            clean_ra_tfidf_svr     0.9377    0.8635         0.7556          0.1852            0.6815        1.4519
v03b_maxfeat_neural    clean_qar_dual_gte_maxfeat     0.8919    0.8471         0.7630          0.5111            0.8000        1.0667
    v06_transformer             clean_ra_dual_gte     0.9077    0.8393         0.7333          0.4667            0.7556        1.1852
         v05_bilstm             segment_ra_bilstm     0.8572    0.8229         0.7037          0.4296            0.6741        1.2741
       v07_ensemble                 ensemble_top3     0.9366    0.8227         0.7556          0.5259            0.7926        1.0519
        v03_maxfeat segment_qar_tfidf_svr_maxfeat     0.9026    0.8065         0.6519          0.1704            0.7111        1.4222
         v04_bucket   segment_ra_tfidf_svr_bucket     0.9046    0.8063         0.6296          0.1333            0.7037        1.4741
       v01_baseline         segment_qar_tfidf_svr     0.9039    0.8026         0.6444          0.1407            0.7185        1.4519

Per-experiment mean test_qwk (all cells):
                       mean     max  count
experiment                                
v02_calibrated       0.6899  0.8635     12
v03b_maxfeat_neural  0.7576  0.8471     32
v06_transformer      0.7530  0.8393     26
v05_bilstm           0.7788  0.8229      6
v07_ensemble         0.8227  0.8227      1
v03_maxfeat          0.8018  0.8065      6
v04_bucket           0.7852  0.8063      6
v01_baseline         0.6232  0.8026     12
